// Jest Snapshot v1, https://goo.gl/fbAQLP

exports[`KeyboardClickable should apply the aria-disabled="true" attribute instead of disabled when the disabled prop is enabled 1`] = `
<div
  aria-disabled="true"
  role="button"
>
  content
</div>
`;

exports[`KeyboardClickable should correctly update the event listeners and tabIndex to be undefined when disabled 1`] = `
<div
  onBlur={[MockFunction]}
  onClick={[MockFunction]}
  onFocus={[MockFunction]}
  onKeyDown={[Function]}
  onKeyUp={[MockFunction]}
  onMouseDown={[MockFunction]}
  onMouseUp={[MockFunction]}
  onTouchEnd={[MockFunction]}
  onTouchStart={[MockFunction]}
  role="button"
  tabIndex={100}
>
  content
</div>
`;

exports[`KeyboardClickable should correctly update the event listeners and tabIndex to be undefined when disabled 2`] = `
<div
  aria-disabled="true"
  role="button"
>
  content
</div>
`;
