// Jest Snapshot v1, https://goo.gl/fbAQLP

exports[`ListItemIcon should render correctly based on the addon type 1`] = `
<div>
  Content
</div>
`;

exports[`ListItemIcon should render correctly based on the addon type 2`] = `
<div>
  Content
</div>
`;

exports[`ListItemIcon should render correctly based on the addon type 3`] = `
<div>
  Content
</div>
`;

exports[`ListItemIcon should render correctly based on the addon type 4`] = `
<div>
  Content
</div>
`;

exports[`ListItemIcon should render correctly based on the addon type 5`] = `
<div>
  Content
</div>
`;

exports[`ListItemIcon should render correctly based on the addon type 6`] = `
<div>
  Content
</div>
`;

exports[`ListItemIcon should render correctly based on the addon type 7`] = `
<div>
  Content
</div>
`;

exports[`ListItemIcon should render correctly based on the addon type 8`] = `
<div>
  Content
</div>
`;

exports[`ListItemIcon should render correctly based on the addon type 9`] = `
<div>
  Content
</div>
`;

exports[`ListItemIcon should render correctly based on the addon type 10`] = `
<div>
  Content
</div>
`;
