// Jest Snapshot v1, https://goo.gl/fbAQLP

exports[`TreeItem should render correctly with the provided props 1`] = `
<li
  aria-level={1}
  aria-posinset={1}
  aria-setsize={1}
  className="rmd-tree-item"
  role="treeitem"
  tabIndex={-1}
>
  content
</li>
`;
