// Jest Snapshot v1, https://goo.gl/fbAQLP

exports[`TreeGroup should render correctly with the provided props 1`] = `null`;

exports[`TreeGroup should render correctly with the provided props 2`] = `
<ul
  className="rmd-list rmd-collapse"
  role="group"
>
  <li>
    Something!
  </li>
</ul>
`;
